
> start
> node server.js

[dotenv@17.2.0] injecting env (7) from .env (tip: ⚙️  suppress all logs with { quiet: true })
Connected successfully to MongoDB
Server listening at http://0.0.0.0:3003
socket disconnected before secure TLS connection was established
    at Topology.selectServer (/home/thalia/treeapp-deploy/node_modules/mongodb/lib/sdam/topology.js:326:38)
    at async Topology._connect (/home/thalia/treeapp-deploy/node_modules/mongodb/lib/sdam/topology.js:200:28)
    at async Topology.connect (/home/thalia/treeapp-deploy/node_modules/mongodb/lib/sdam/topology.js:152:13)
    at async topologyConnect (/home/thalia/treeapp-deploy/node_modules/mongodb/lib/mongo_client.js:246:17)
    at async MongoClient._connect (/home/thalia/treeapp-deploy/node_modules/mongodb/lib/mongo_client.js:259:13)
    at async MongoClient.connect (/home/thalia/treeapp-deploy/node_modules/mongodb/lib/mongo_client.js:184:13)
    at async connectToDb (/home/thalia/treeapp-deploy/server.js:56:5) {
  errorLabelSet: Set(0) {},
  reason: TopologyDescription {
    type: 'Unknown',
    servers: Map(1) { 'localhost:27017' => [ServerDescription] },
    stale: false,
    compatible: true,
    heartbeatFrequencyMS: 10000,
    localThresholdMS: 15,
    setName: null,
    maxElectionId: null,
    maxSetVersion: null,
    commonWireVersion: 0,
    logicalSessionTimeoutMinutes: null
  },
  code: undefined,
  [cause]: MongoNetworkError: Client network socket disconnected before secure TLS connection was established
      at TLSSocket.<anonymous> (/home/thalia/treeapp-deploy/node_modules/mongodb/lib/cmap/connect.js:286:44)
      at Object.onceWrapper (node:events:632:26)
      at TLSSocket.emit (node:events:517:28)
      at emitErrorNT (node:internal/streams/destroy:151:8)
      at emitErrorCloseNT (node:internal/streams/destroy:116:3)
      at process.processTicksAndRejections (node:internal/process/task_queues:82:21) {
    errorLabelSet: Set(1) { 'ResetPool' },
    beforeHandshake: false,
    [cause]: Error: Client network socket disconnected before secure TLS connection was established
        at connResetException (node:internal/errors:720:14)
        at TLSSocket.onConnectEnd (node:_tls_wrap:1714:19)
        at TLSSocket.emit (node:events:529:35)
        at endReadableNT (node:internal/streams/readable:1400:12)
        at process.processTicksAndRejections (node:internal/process/task_queues:82:21) {
      code: 'ECONNRESET',
      path: undefined,
      host: 'localhost',
      port: 27017,
      localAddress: undefined
    }
  }
}
